
Sourav@DELL MINGW64 ~/Desktop/FunctionUp/03.11
$ mkdir assignment

Sourav@DELL MINGW64 ~/Desktop/FunctionUp/03.11
$ cd assignment/

Sourav@DELL MINGW64 ~/Desktop/FunctionUp/03.11/assignment
$ mkdir source

Sourav@DELL MINGW64 ~/Desktop/FunctionUp/03.11/assignment
$ mkdir destination

Sourav@DELL MINGW64 ~/Desktop/FunctionUp/03.11/assignment
$ cd 
destination/ source/

Sourav@DELL MINGW64 ~/Desktop/FunctionUp/03.11/assignment
$ cd ..

Sourav@DELL MINGW64 ~/Desktop/FunctionUp/03.11
$ cd assignment/
destination/ source/

Sourav@DELL MINGW64 ~/Desktop/FunctionUp/03.11
$ cd assignment/source

Sourav@DELL MINGW64 ~/Desktop/FunctionUp/03.11/assignment/source
$ touch test.txt

Sourav@DELL MINGW64 ~/Desktop/FunctionUp/03.11/assignment/source
$ cp test.txt destination

Sourav@DELL MINGW64 ~/Desktop/FunctionUp/03.11/assignment/source
$ rm destination

Sourav@DELL MINGW64 ~/Desktop/FunctionUp/03.11/assignment/source
$ grep -i 'functionup' test.txt
blaaaaaahhhhhhhhhhhhhhhfunctionuphhhhhhhhhhhhhhhhhhhhhhhhhhhhhhhhhhhhhhhhhh
blaaaaaahhhhhhhhhhhhhhhhhhhhhhhfunctionuphhhhhhhhhhhhhhhhhhhhhhhhhhhhhhhhhh
blaaaaaahhhhhhhhhhhhhhhhhhhhhhhhhfunctionuphhhhhhhhhhhhhhhhhhhhhhhhhhhhhhhh
blaaaaaahhfunctionuphhhhhhhhhhhhhhhhhhhhhhhhhhhhhhhhhhhhhhhhhhhhhhhhhhhhhhh
blaaaaaahhhhhhhhhhhhhhhhhhhhhhhhhfunctionuphhhhhhhhhhhhhhhhhhhhhhhhhhhhhhhh

Sourav@DELL MINGW64 ~/Desktop/FunctionUp/03.11/assignment/source
$ cd ..

Sourav@DELL MINGW64 ~/Desktop/FunctionUp/03.11/assignment
$ cp source/test.txt destination

Sourav@DELL MINGW64 ~/Desktop/FunctionUp/03.11/assignment
$ cd/source
bash: cd/source: No such file or directory

Sourav@DELL MINGW64 ~/Desktop/FunctionUp/03.11/assignment
$ cd source

Sourav@DELL MINGW64 ~/Desktop/FunctionUp/03.11/assignment/source
$ rm test.txt

Sourav@DELL MINGW64 ~/Desktop/FunctionUp/03.11/assignment/source
$